INFO 2025-03-26 16:34:37,580 autoreload Watching for file changes with StatReloader
INFO 2025-03-26 16:38:26,183 autoreload Watching for file changes with StatReloader
INFO 2025-03-26 16:39:30,395 autoreload Watching for file changes with StatReloader
INFO 2025-03-26 16:41:28,712 autoreload /home/user1/03-misc/spotdl-web/backend/spotdl_api/views.py changed, reloading.
INFO 2025-03-26 16:41:29,479 autoreload Watching for file changes with StatReloader
INFO 2025-03-26 16:45:41,770 autoreload Watching for file changes with StatReloader
INFO 2025-03-26 16:48:03,484 autoreload /home/user1/03-misc/spotdl-web/backend/spotdl_api/views.py changed, reloading.
INFO 2025-03-26 16:48:04,260 autoreload Watching for file changes with StatReloader
INFO 2025-03-26 16:48:07,152 autoreload /home/user1/03-misc/spotdl-web/backend/spotdl_api/views.py changed, reloading.
INFO 2025-03-26 16:48:07,883 autoreload Watching for file changes with StatReloader
INFO 2025-03-26 16:51:17,687 autoreload /home/user1/03-misc/spotdl-web/backend/spotdl_api/views.py changed, reloading.
INFO 2025-03-26 16:51:18,454 autoreload Watching for file changes with StatReloader
INFO 2025-03-26 16:53:16,711 autoreload /home/user1/03-misc/spotdl-web/backend/backend/settings.py changed, reloading.
INFO 2025-03-26 16:53:17,438 autoreload Watching for file changes with StatReloader
INFO 2025-03-26 16:55:36,014 autoreload /home/user1/03-misc/spotdl-web/backend/backend/settings.py changed, reloading.
INFO 2025-03-26 16:55:36,786 autoreload Watching for file changes with StatReloader
INFO 2025-03-26 16:55:57,272 autoreload /home/user1/03-misc/spotdl-web/backend/backend/settings.py changed, reloading.
INFO 2025-03-26 16:55:58,000 autoreload Watching for file changes with StatReloader
INFO 2025-03-26 16:56:15,394 autoreload /home/user1/03-misc/spotdl-web/backend/backend/settings.py changed, reloading.
INFO 2025-03-26 16:56:16,205 autoreload Watching for file changes with StatReloader
INFO 2025-03-26 16:57:56,447 autoreload /home/user1/03-misc/spotdl-web/backend/backend/settings.py changed, reloading.
INFO 2025-03-26 16:57:57,272 autoreload Watching for file changes with StatReloader
INFO 2025-03-26 17:01:00,725 autoreload /home/user1/03-misc/spotdl-web/backend/backend/settings.py changed, reloading.
INFO 2025-03-26 17:01:01,532 autoreload Watching for file changes with StatReloader
INFO 2025-03-26 17:01:15,831 autoreload /home/user1/03-misc/spotdl-web/backend/backend/settings.py changed, reloading.
INFO 2025-03-26 17:01:16,582 autoreload Watching for file changes with StatReloader
INFO 2025-03-26 17:01:35,875 autoreload /home/user1/03-misc/spotdl-web/backend/backend/settings.py changed, reloading.
INFO 2025-03-26 17:01:36,662 autoreload Watching for file changes with StatReloader
INFO 2025-03-26 17:03:07,293 autoreload /home/user1/03-misc/spotdl-web/backend/backend/settings.py changed, reloading.
INFO 2025-03-26 17:03:08,105 autoreload Watching for file changes with StatReloader
INFO 2025-03-26 17:15:54,346 autoreload /home/user1/03-misc/spotdl-web/backend/spotdl_api/views.py changed, reloading.
INFO 2025-03-26 17:15:55,195 autoreload Watching for file changes with StatReloader
INFO 2025-03-26 17:16:46,808 autoreload /home/user1/03-misc/spotdl-web/backend/backend/settings.py changed, reloading.
INFO 2025-03-26 17:16:47,542 autoreload Watching for file changes with StatReloader
INFO 2025-03-26 17:16:55,265 autoreload /home/user1/03-misc/spotdl-web/backend/backend/settings.py changed, reloading.
INFO 2025-03-26 17:16:56,024 autoreload Watching for file changes with StatReloader
INFO 2025-03-26 17:17:01,760 autoreload /home/user1/03-misc/spotdl-web/backend/backend/settings.py changed, reloading.
INFO 2025-03-26 17:17:02,611 autoreload Watching for file changes with StatReloader
INFO 2025-03-26 17:21:07,194 autoreload Watching for file changes with StatReloader
ERROR 2025-03-26 17:21:41,255 exception Invalid HTTP_HOST header: '127.0.0.1:8000'. You may need to add '127.0.0.1' to ALLOWED_HOSTS.
Traceback (most recent call last):
  File "/home/user1/miniconda3/envs/spotdl-web/lib/python3.11/site-packages/django/core/handlers/exception.py", line 55, in inner
    response = get_response(request)
               ^^^^^^^^^^^^^^^^^^^^^
  File "/home/user1/miniconda3/envs/spotdl-web/lib/python3.11/site-packages/django/utils/deprecation.py", line 128, in __call__
    response = self.process_request(request)
               ^^^^^^^^^^^^^^^^^^^^^^^^^^^^^
  File "/home/user1/miniconda3/envs/spotdl-web/lib/python3.11/site-packages/django/middleware/common.py", line 48, in process_request
    host = request.get_host()
           ^^^^^^^^^^^^^^^^^^
  File "/home/user1/miniconda3/envs/spotdl-web/lib/python3.11/site-packages/django/http/request.py", line 151, in get_host
    raise DisallowedHost(msg)
django.core.exceptions.DisallowedHost: Invalid HTTP_HOST header: '127.0.0.1:8000'. You may need to add '127.0.0.1' to ALLOWED_HOSTS.
WARNING 2025-03-26 17:21:41,290 log Bad Request: /api/csrf/
WARNING 2025-03-26 17:21:41,292 basehttp "GET //api/csrf/ HTTP/1.1" 400 73638
ERROR 2025-03-26 17:21:52,017 exception Invalid HTTP_HOST header: '127.0.0.1:8000'. You may need to add '127.0.0.1' to ALLOWED_HOSTS.
Traceback (most recent call last):
  File "/home/user1/miniconda3/envs/spotdl-web/lib/python3.11/site-packages/django/core/handlers/exception.py", line 55, in inner
    response = get_response(request)
               ^^^^^^^^^^^^^^^^^^^^^
  File "/home/user1/miniconda3/envs/spotdl-web/lib/python3.11/site-packages/django/utils/deprecation.py", line 128, in __call__
    response = self.process_request(request)
               ^^^^^^^^^^^^^^^^^^^^^^^^^^^^^
  File "/home/user1/miniconda3/envs/spotdl-web/lib/python3.11/site-packages/django/middleware/common.py", line 48, in process_request
    host = request.get_host()
           ^^^^^^^^^^^^^^^^^^
  File "/home/user1/miniconda3/envs/spotdl-web/lib/python3.11/site-packages/django/http/request.py", line 151, in get_host
    raise DisallowedHost(msg)
django.core.exceptions.DisallowedHost: Invalid HTTP_HOST header: '127.0.0.1:8000'. You may need to add '127.0.0.1' to ALLOWED_HOSTS.
WARNING 2025-03-26 17:21:52,046 log Bad Request: /api/csrf/
WARNING 2025-03-26 17:21:52,048 basehttp "GET /api/csrf/ HTTP/1.1" 400 73638
INFO 2025-03-26 17:23:26,905 autoreload /home/user1/03-misc/spotdl-web/backend/spotdl_api/views.py changed, reloading.
INFO 2025-03-26 17:23:27,719 autoreload Watching for file changes with StatReloader
INFO 2025-03-26 17:26:25,298 autoreload Watching for file changes with StatReloader
ERROR 2025-03-26 17:26:50,712 exception Invalid HTTP_HOST header: '127.0.0.1:8000'. You may need to add '127.0.0.1' to ALLOWED_HOSTS.
Traceback (most recent call last):
  File "/home/user1/miniconda3/envs/spotdl-web/lib/python3.11/site-packages/django/core/handlers/exception.py", line 55, in inner
    response = get_response(request)
               ^^^^^^^^^^^^^^^^^^^^^
  File "/home/user1/miniconda3/envs/spotdl-web/lib/python3.11/site-packages/django/utils/deprecation.py", line 128, in __call__
    response = self.process_request(request)
               ^^^^^^^^^^^^^^^^^^^^^^^^^^^^^
  File "/home/user1/miniconda3/envs/spotdl-web/lib/python3.11/site-packages/django/middleware/common.py", line 48, in process_request
    host = request.get_host()
           ^^^^^^^^^^^^^^^^^^
  File "/home/user1/miniconda3/envs/spotdl-web/lib/python3.11/site-packages/django/http/request.py", line 151, in get_host
    raise DisallowedHost(msg)
django.core.exceptions.DisallowedHost: Invalid HTTP_HOST header: '127.0.0.1:8000'. You may need to add '127.0.0.1' to ALLOWED_HOSTS.
WARNING 2025-03-26 17:26:50,748 log Bad Request: /api/csrf/
WARNING 2025-03-26 17:26:50,749 basehttp "GET /api/csrf/ HTTP/1.1" 400 73638
INFO 2025-03-26 17:29:38,282 autoreload Watching for file changes with StatReloader
INFO 2025-03-26 17:29:44,434 basehttp "GET /api/csrf/ HTTP/1.1" 200 81
INFO 2025-03-26 17:31:26,701 basehttp "GET /api/csrf/ HTTP/1.1" 200 81
INFO 2025-03-26 17:31:47,253 basehttp "OPTIONS /api/download/ HTTP/1.1" 200 0
WARNING 2025-03-26 17:31:47,259 log Forbidden (CSRF cookie not set.): /api/download/
WARNING 2025-03-26 17:31:47,260 basehttp "POST /api/download/ HTTP/1.1" 403 2855
INFO 2025-03-26 17:32:40,759 autoreload /home/user1/03-misc/spotdl-web/backend/backend/settings.py changed, reloading.
INFO 2025-03-26 17:32:41,571 autoreload Watching for file changes with StatReloader
INFO 2025-03-26 17:32:48,961 basehttp "GET /api/csrf/ HTTP/1.1" 200 81
INFO 2025-03-26 17:34:17,564 views Attempting to download song from URL: https://open.spotify.com/track/298LjjcBvuQCAlwUWb9dKb?si=8e9531b0385d48ba
ERROR 2025-03-26 17:34:17,964 views Download error: The future belongs to a different loop than the one specified as the loop argument
Traceback (most recent call last):
  File "/home/user1/03-misc/spotdl-web/backend/spotdl_api/views.py", line 91, in download_song
    result = spotdl.download(song)
             ^^^^^^^^^^^^^^^^^^^^^
  File "/home/user1/miniconda3/envs/spotdl-web/lib/python3.11/site-packages/spotdl/__init__.py", line 155, in download
    return self.downloader.download_song(song)
           ^^^^^^^^^^^^^^^^^^^^^^^^^^^^^^^^^^^
  File "/home/user1/miniconda3/envs/spotdl-web/lib/python3.11/site-packages/spotdl/download/downloader.py", line 254, in download_song
    results = self.download_multiple_songs([song])
              ^^^^^^^^^^^^^^^^^^^^^^^^^^^^^^^^^^^^
  File "/home/user1/miniconda3/envs/spotdl-web/lib/python3.11/site-packages/spotdl/download/downloader.py", line 298, in download_multiple_songs
    results = list(self.loop.run_until_complete(asyncio.gather(*tasks)))
                   ^^^^^^^^^^^^^^^^^^^^^^^^^^^^^^^^^^^^^^^^^^^^^^^^^^^^
  File "/home/user1/miniconda3/envs/spotdl-web/lib/python3.11/site-packages/nest_asyncio.py", line 88, in run_until_complete
    f = asyncio.ensure_future(future, loop=self)
        ^^^^^^^^^^^^^^^^^^^^^^^^^^^^^^^^^^^^^^^^
  File "/home/user1/miniconda3/envs/spotdl-web/lib/python3.11/asyncio/tasks.py", line 659, in ensure_future
    return _ensure_future(coro_or_future, loop=loop)
           ^^^^^^^^^^^^^^^^^^^^^^^^^^^^^^^^^^^^^^^^^
  File "/home/user1/miniconda3/envs/spotdl-web/lib/python3.11/asyncio/tasks.py", line 665, in _ensure_future
    raise ValueError('The future belongs to a different loop than '
ValueError: The future belongs to a different loop than the one specified as the loop argument
ERROR 2025-03-26 17:34:17,968 log Service Unavailable: /api/download/
ERROR 2025-03-26 17:34:17,969 basehttp "POST /api/download/ HTTP/1.1" 503 1342
INFO 2025-03-26 17:35:42,275 basehttp "GET /api/csrf/ HTTP/1.1" 200 81
INFO 2025-03-26 17:35:44,283 views Attempting to download song from URL: https://open.spotify.com/track/298LjjcBvuQCAlwUWb9dKb?si=85ab6b6a5cd44e05
ERROR 2025-03-26 17:35:44,557 views Download error: The future belongs to a different loop than the one specified as the loop argument
Traceback (most recent call last):
  File "/home/user1/03-misc/spotdl-web/backend/spotdl_api/views.py", line 91, in download_song
    result = spotdl.download(song)
             ^^^^^^^^^^^^^^^^^^^^^
  File "/home/user1/miniconda3/envs/spotdl-web/lib/python3.11/site-packages/spotdl/__init__.py", line 155, in download
    return self.downloader.download_song(song)
           ^^^^^^^^^^^^^^^^^^^^^^^^^^^^^^^^^^^
  File "/home/user1/miniconda3/envs/spotdl-web/lib/python3.11/site-packages/spotdl/download/downloader.py", line 254, in download_song
    results = self.download_multiple_songs([song])
              ^^^^^^^^^^^^^^^^^^^^^^^^^^^^^^^^^^^^
  File "/home/user1/miniconda3/envs/spotdl-web/lib/python3.11/site-packages/spotdl/download/downloader.py", line 298, in download_multiple_songs
    results = list(self.loop.run_until_complete(asyncio.gather(*tasks)))
                   ^^^^^^^^^^^^^^^^^^^^^^^^^^^^^^^^^^^^^^^^^^^^^^^^^^^^
  File "/home/user1/miniconda3/envs/spotdl-web/lib/python3.11/site-packages/nest_asyncio.py", line 88, in run_until_complete
    f = asyncio.ensure_future(future, loop=self)
        ^^^^^^^^^^^^^^^^^^^^^^^^^^^^^^^^^^^^^^^^
  File "/home/user1/miniconda3/envs/spotdl-web/lib/python3.11/asyncio/tasks.py", line 659, in ensure_future
    return _ensure_future(coro_or_future, loop=loop)
           ^^^^^^^^^^^^^^^^^^^^^^^^^^^^^^^^^^^^^^^^^
  File "/home/user1/miniconda3/envs/spotdl-web/lib/python3.11/asyncio/tasks.py", line 665, in _ensure_future
    raise ValueError('The future belongs to a different loop than '
ValueError: The future belongs to a different loop than the one specified as the loop argument
ERROR 2025-03-26 17:35:44,559 log Service Unavailable: /api/download/
ERROR 2025-03-26 17:35:44,560 basehttp "POST /api/download/ HTTP/1.1" 503 1342
INFO 2025-03-26 17:37:21,415 autoreload /home/user1/03-misc/spotdl-web/backend/backend/settings.py changed, reloading.
INFO 2025-03-26 17:37:22,205 autoreload Watching for file changes with StatReloader
INFO 2025-03-26 17:37:34,794 basehttp "GET /api/csrf/ HTTP/1.1" 200 81
INFO 2025-03-26 17:37:44,378 views Attempting to download song from URL: https://open.spotify.com/track/298LjjcBvuQCAlwUWb9dKb?si=5c9412529bf04bcd
ERROR 2025-03-26 17:37:44,721 views Download error: The future belongs to a different loop than the one specified as the loop argument
Traceback (most recent call last):
  File "/home/user1/03-misc/spotdl-web/backend/spotdl_api/views.py", line 91, in download_song
    result = spotdl.download(song)
             ^^^^^^^^^^^^^^^^^^^^^
  File "/home/user1/miniconda3/envs/spotdl-web/lib/python3.11/site-packages/spotdl/__init__.py", line 155, in download
    return self.downloader.download_song(song)
           ^^^^^^^^^^^^^^^^^^^^^^^^^^^^^^^^^^^
  File "/home/user1/miniconda3/envs/spotdl-web/lib/python3.11/site-packages/spotdl/download/downloader.py", line 254, in download_song
    results = self.download_multiple_songs([song])
              ^^^^^^^^^^^^^^^^^^^^^^^^^^^^^^^^^^^^
  File "/home/user1/miniconda3/envs/spotdl-web/lib/python3.11/site-packages/spotdl/download/downloader.py", line 298, in download_multiple_songs
    results = list(self.loop.run_until_complete(asyncio.gather(*tasks)))
                   ^^^^^^^^^^^^^^^^^^^^^^^^^^^^^^^^^^^^^^^^^^^^^^^^^^^^
  File "/home/user1/miniconda3/envs/spotdl-web/lib/python3.11/site-packages/nest_asyncio.py", line 88, in run_until_complete
    f = asyncio.ensure_future(future, loop=self)
        ^^^^^^^^^^^^^^^^^^^^^^^^^^^^^^^^^^^^^^^^
  File "/home/user1/miniconda3/envs/spotdl-web/lib/python3.11/asyncio/tasks.py", line 659, in ensure_future
    return _ensure_future(coro_or_future, loop=loop)
           ^^^^^^^^^^^^^^^^^^^^^^^^^^^^^^^^^^^^^^^^^
  File "/home/user1/miniconda3/envs/spotdl-web/lib/python3.11/asyncio/tasks.py", line 665, in _ensure_future
    raise ValueError('The future belongs to a different loop than '
ValueError: The future belongs to a different loop than the one specified as the loop argument
ERROR 2025-03-26 17:37:44,724 log Service Unavailable: /api/download/
ERROR 2025-03-26 17:37:44,725 basehttp "POST /api/download/ HTTP/1.1" 503 1342
INFO 2025-03-26 17:38:42,707 autoreload /home/user1/03-misc/spotdl-web/backend/spotdl_api/views.py changed, reloading.
INFO 2025-03-26 17:38:43,565 autoreload Watching for file changes with StatReloader
INFO 2025-03-26 17:38:53,954 autoreload /home/user1/03-misc/spotdl-web/backend/spotdl_api/views.py changed, reloading.
INFO 2025-03-26 17:38:54,780 autoreload Watching for file changes with StatReloader
INFO 2025-03-26 17:39:24,150 basehttp "GET /api/csrf/ HTTP/1.1" 200 81
INFO 2025-03-26 17:39:33,911 views Attempting to download song from URL: https://open.spotify.com/track/298LjjcBvuQCAlwUWb9dKb?si=377239a463384a18
ERROR 2025-03-26 17:39:34,298 views Error downloading song: The future belongs to a different loop than the one specified as the loop argument
Traceback (most recent call last):
  File "/home/user1/03-misc/spotdl-web/backend/spotdl_api/views.py", line 95, in download_song
    result = downloader.download_song(song)
             ^^^^^^^^^^^^^^^^^^^^^^^^^^^^^^
  File "/home/user1/miniconda3/envs/spotdl-web/lib/python3.11/site-packages/spotdl/download/downloader.py", line 254, in download_song
    results = self.download_multiple_songs([song])
              ^^^^^^^^^^^^^^^^^^^^^^^^^^^^^^^^^^^^
  File "/home/user1/miniconda3/envs/spotdl-web/lib/python3.11/site-packages/spotdl/download/downloader.py", line 298, in download_multiple_songs
    results = list(self.loop.run_until_complete(asyncio.gather(*tasks)))
                   ^^^^^^^^^^^^^^^^^^^^^^^^^^^^^^^^^^^^^^^^^^^^^^^^^^^^
  File "/home/user1/miniconda3/envs/spotdl-web/lib/python3.11/site-packages/nest_asyncio.py", line 88, in run_until_complete
    f = asyncio.ensure_future(future, loop=self)
        ^^^^^^^^^^^^^^^^^^^^^^^^^^^^^^^^^^^^^^^^
  File "/home/user1/miniconda3/envs/spotdl-web/lib/python3.11/asyncio/tasks.py", line 659, in ensure_future
    return _ensure_future(coro_or_future, loop=loop)
           ^^^^^^^^^^^^^^^^^^^^^^^^^^^^^^^^^^^^^^^^^
  File "/home/user1/miniconda3/envs/spotdl-web/lib/python3.11/asyncio/tasks.py", line 665, in _ensure_future
    raise ValueError('The future belongs to a different loop than '
ValueError: The future belongs to a different loop than the one specified as the loop argument
ERROR 2025-03-26 17:39:34,304 log Internal Server Error: /api/download/
ERROR 2025-03-26 17:39:34,305 basehttp "POST /api/download/ HTTP/1.1" 500 95
INFO 2025-03-26 17:40:28,908 autoreload /home/user1/03-misc/spotdl-web/backend/spotdl_api/views.py changed, reloading.
INFO 2025-03-26 17:40:29,697 autoreload Watching for file changes with StatReloader
INFO 2025-03-26 17:40:40,728 views Attempting to download song from URL: https://open.spotify.com/track/298LjjcBvuQCAlwUWb9dKb?si=377239a463384a18
ERROR 2025-03-26 17:40:41,088 views Error downloading song: The future belongs to a different loop than the one specified as the loop argument
Traceback (most recent call last):
  File "/home/user1/03-misc/spotdl-web/backend/spotdl_api/views.py", line 91, in download_song
    result = downloader.download_song(song)
             ^^^^^^^^^^^^^^^^^^^^^^^^^^^^^^
  File "/home/user1/miniconda3/envs/spotdl-web/lib/python3.11/site-packages/spotdl/download/downloader.py", line 254, in download_song
    results = self.download_multiple_songs([song])
              ^^^^^^^^^^^^^^^^^^^^^^^^^^^^^^^^^^^^
  File "/home/user1/miniconda3/envs/spotdl-web/lib/python3.11/site-packages/spotdl/download/downloader.py", line 298, in download_multiple_songs
    results = list(self.loop.run_until_complete(asyncio.gather(*tasks)))
                   ^^^^^^^^^^^^^^^^^^^^^^^^^^^^^^^^^^^^^^^^^^^^^^^^^^^^
  File "/home/user1/miniconda3/envs/spotdl-web/lib/python3.11/site-packages/nest_asyncio.py", line 88, in run_until_complete
    f = asyncio.ensure_future(future, loop=self)
        ^^^^^^^^^^^^^^^^^^^^^^^^^^^^^^^^^^^^^^^^
  File "/home/user1/miniconda3/envs/spotdl-web/lib/python3.11/asyncio/tasks.py", line 659, in ensure_future
    return _ensure_future(coro_or_future, loop=loop)
           ^^^^^^^^^^^^^^^^^^^^^^^^^^^^^^^^^^^^^^^^^
  File "/home/user1/miniconda3/envs/spotdl-web/lib/python3.11/asyncio/tasks.py", line 665, in _ensure_future
    raise ValueError('The future belongs to a different loop than '
ValueError: The future belongs to a different loop than the one specified as the loop argument
ERROR 2025-03-26 17:40:41,099 log Internal Server Error: /api/download/
ERROR 2025-03-26 17:40:41,101 basehttp "POST /api/download/ HTTP/1.1" 500 95
INFO 2025-03-26 17:42:32,297 autoreload /home/user1/03-misc/spotdl-web/backend/spotdl_api/views.py changed, reloading.
INFO 2025-03-26 17:42:33,125 autoreload Watching for file changes with StatReloader
INFO 2025-03-26 17:42:46,992 views Attempting to download song from URL: https://open.spotify.com/track/298LjjcBvuQCAlwUWb9dKb?si=377239a463384a18
ERROR 2025-03-26 17:42:47,244 views Error downloading song: The future belongs to a different loop than the one specified as the loop argument
Traceback (most recent call last):
  File "/home/user1/03-misc/spotdl-web/backend/spotdl_api/views.py", line 93, in download_song
    result = downloader.download_song(song)
             ^^^^^^^^^^^^^^^^^^^^^^^^^^^^^^
  File "/home/user1/miniconda3/envs/spotdl-web/lib/python3.11/site-packages/spotdl/download/downloader.py", line 254, in download_song
    results = self.download_multiple_songs([song])
              ^^^^^^^^^^^^^^^^^^^^^^^^^^^^^^^^^^^^
  File "/home/user1/miniconda3/envs/spotdl-web/lib/python3.11/site-packages/spotdl/download/downloader.py", line 298, in download_multiple_songs
    results = list(self.loop.run_until_complete(asyncio.gather(*tasks)))
                   ^^^^^^^^^^^^^^^^^^^^^^^^^^^^^^^^^^^^^^^^^^^^^^^^^^^^
  File "/home/user1/miniconda3/envs/spotdl-web/lib/python3.11/site-packages/nest_asyncio.py", line 88, in run_until_complete
    f = asyncio.ensure_future(future, loop=self)
        ^^^^^^^^^^^^^^^^^^^^^^^^^^^^^^^^^^^^^^^^
  File "/home/user1/miniconda3/envs/spotdl-web/lib/python3.11/asyncio/tasks.py", line 659, in ensure_future
    return _ensure_future(coro_or_future, loop=loop)
           ^^^^^^^^^^^^^^^^^^^^^^^^^^^^^^^^^^^^^^^^^
  File "/home/user1/miniconda3/envs/spotdl-web/lib/python3.11/asyncio/tasks.py", line 665, in _ensure_future
    raise ValueError('The future belongs to a different loop than '
ValueError: The future belongs to a different loop than the one specified as the loop argument
ERROR 2025-03-26 17:42:47,250 log Internal Server Error: /api/download/
ERROR 2025-03-26 17:42:47,251 basehttp "POST /api/download/ HTTP/1.1" 500 95
INFO 2025-03-26 17:42:49,654 basehttp "GET /api/csrf/ HTTP/1.1" 200 81
INFO 2025-03-26 17:42:57,465 views Attempting to download song from URL: https://open.spotify.com/track/298LjjcBvuQCAlwUWb9dKb?si=2a6e11be35db4006
ERROR 2025-03-26 17:42:57,466 views Error downloading song: The future belongs to a different loop than the one specified as the loop argument
Traceback (most recent call last):
  File "/home/user1/03-misc/spotdl-web/backend/spotdl_api/views.py", line 93, in download_song
    result = downloader.download_song(song)
             ^^^^^^^^^^^^^^^^^^^^^^^^^^^^^^
  File "/home/user1/miniconda3/envs/spotdl-web/lib/python3.11/site-packages/spotdl/download/downloader.py", line 254, in download_song
    results = self.download_multiple_songs([song])
              ^^^^^^^^^^^^^^^^^^^^^^^^^^^^^^^^^^^^
  File "/home/user1/miniconda3/envs/spotdl-web/lib/python3.11/site-packages/spotdl/download/downloader.py", line 298, in download_multiple_songs
    results = list(self.loop.run_until_complete(asyncio.gather(*tasks)))
                   ^^^^^^^^^^^^^^^^^^^^^^^^^^^^^^^^^^^^^^^^^^^^^^^^^^^^
  File "/home/user1/miniconda3/envs/spotdl-web/lib/python3.11/site-packages/nest_asyncio.py", line 88, in run_until_complete
    f = asyncio.ensure_future(future, loop=self)
        ^^^^^^^^^^^^^^^^^^^^^^^^^^^^^^^^^^^^^^^^
  File "/home/user1/miniconda3/envs/spotdl-web/lib/python3.11/asyncio/tasks.py", line 659, in ensure_future
    return _ensure_future(coro_or_future, loop=loop)
           ^^^^^^^^^^^^^^^^^^^^^^^^^^^^^^^^^^^^^^^^^
  File "/home/user1/miniconda3/envs/spotdl-web/lib/python3.11/asyncio/tasks.py", line 665, in _ensure_future
    raise ValueError('The future belongs to a different loop than '
ValueError: The future belongs to a different loop than the one specified as the loop argument
ERROR 2025-03-26 17:42:57,470 log Internal Server Error: /api/download/
ERROR 2025-03-26 17:42:57,471 basehttp "POST /api/download/ HTTP/1.1" 500 95
INFO 2025-03-26 17:43:59,898 autoreload /home/user1/03-misc/spotdl-web/backend/spotdl_api/views.py changed, reloading.
INFO 2025-03-26 17:44:00,698 autoreload Watching for file changes with StatReloader
INFO 2025-03-26 17:44:09,751 autoreload /home/user1/03-misc/spotdl-web/backend/spotdl_api/views.py changed, reloading.
INFO 2025-03-26 17:44:10,561 autoreload Watching for file changes with StatReloader
INFO 2025-03-26 17:44:29,777 views Attempting to download song from URL: https://open.spotify.com/track/298LjjcBvuQCAlwUWb9dKb?si=2a6e11be35db4006
ERROR 2025-03-26 17:44:30,061 views Download error: There is no current event loop in thread 'Thread-2 (process_request_thread)'.
Traceback (most recent call last):
  File "/home/user1/03-misc/spotdl-web/backend/spotdl_api/views.py", line 93, in download_song
    result = loop.run_until_complete(loop.create_task(spotdl.download(song)))
                                                      ^^^^^^^^^^^^^^^^^^^^^
  File "/home/user1/miniconda3/envs/spotdl-web/lib/python3.11/site-packages/spotdl/__init__.py", line 155, in download
    return self.downloader.download_song(song)
           ^^^^^^^^^^^^^^^^^^^^^^^^^^^^^^^^^^^
  File "/home/user1/miniconda3/envs/spotdl-web/lib/python3.11/site-packages/spotdl/download/downloader.py", line 254, in download_song
    results = self.download_multiple_songs([song])
              ^^^^^^^^^^^^^^^^^^^^^^^^^^^^^^^^^^^^
  File "/home/user1/miniconda3/envs/spotdl-web/lib/python3.11/site-packages/spotdl/download/downloader.py", line 298, in download_multiple_songs
    results = list(self.loop.run_until_complete(asyncio.gather(*tasks)))
                                                ^^^^^^^^^^^^^^^^^^^^^^
  File "/home/user1/miniconda3/envs/spotdl-web/lib/python3.11/asyncio/tasks.py", line 827, in gather
    fut = _ensure_future(arg, loop=loop)
          ^^^^^^^^^^^^^^^^^^^^^^^^^^^^^^
  File "/home/user1/miniconda3/envs/spotdl-web/lib/python3.11/asyncio/tasks.py", line 678, in _ensure_future
    loop = events._get_event_loop(stacklevel=4)
           ^^^^^^^^^^^^^^^^^^^^^^^^^^^^^^^^^^^^
  File "/home/user1/miniconda3/envs/spotdl-web/lib/python3.11/asyncio/events.py", line 681, in get_event_loop
    raise RuntimeError('There is no current event loop in thread %r.'
RuntimeError: There is no current event loop in thread 'Thread-2 (process_request_thread)'.
ERROR 2025-03-26 17:44:30,067 log Service Unavailable: /api/download/
ERROR 2025-03-26 17:44:30,068 basehttp "POST /api/download/ HTTP/1.1" 503 1337
INFO 2025-03-26 17:44:38,573 views Attempting to download song from URL: https://open.spotify.com/track/298LjjcBvuQCAlwUWb9dKb?si=2a6e11be35db4006
ERROR 2025-03-26 17:44:38,574 views Download error: There is no current event loop in thread 'Thread-2 (process_request_thread)'.
Traceback (most recent call last):
  File "/home/user1/03-misc/spotdl-web/backend/spotdl_api/views.py", line 93, in download_song
    result = loop.run_until_complete(loop.create_task(spotdl.download(song)))
                                                      ^^^^^^^^^^^^^^^^^^^^^
  File "/home/user1/miniconda3/envs/spotdl-web/lib/python3.11/site-packages/spotdl/__init__.py", line 155, in download
    return self.downloader.download_song(song)
           ^^^^^^^^^^^^^^^^^^^^^^^^^^^^^^^^^^^
  File "/home/user1/miniconda3/envs/spotdl-web/lib/python3.11/site-packages/spotdl/download/downloader.py", line 254, in download_song
    results = self.download_multiple_songs([song])
              ^^^^^^^^^^^^^^^^^^^^^^^^^^^^^^^^^^^^
  File "/home/user1/miniconda3/envs/spotdl-web/lib/python3.11/site-packages/spotdl/download/downloader.py", line 298, in download_multiple_songs
    results = list(self.loop.run_until_complete(asyncio.gather(*tasks)))
                                                ^^^^^^^^^^^^^^^^^^^^^^
  File "/home/user1/miniconda3/envs/spotdl-web/lib/python3.11/asyncio/tasks.py", line 827, in gather
    fut = _ensure_future(arg, loop=loop)
          ^^^^^^^^^^^^^^^^^^^^^^^^^^^^^^
  File "/home/user1/miniconda3/envs/spotdl-web/lib/python3.11/asyncio/tasks.py", line 678, in _ensure_future
    loop = events._get_event_loop(stacklevel=4)
           ^^^^^^^^^^^^^^^^^^^^^^^^^^^^^^^^^^^^
  File "/home/user1/miniconda3/envs/spotdl-web/lib/python3.11/asyncio/events.py", line 681, in get_event_loop
    raise RuntimeError('There is no current event loop in thread %r.'
RuntimeError: There is no current event loop in thread 'Thread-2 (process_request_thread)'.
ERROR 2025-03-26 17:44:38,578 log Service Unavailable: /api/download/
ERROR 2025-03-26 17:44:38,579 basehttp "POST /api/download/ HTTP/1.1" 503 1337
INFO 2025-03-26 17:54:31,278 autoreload /home/user1/03-misc/spotdl-web/backend/backend/settings.py changed, reloading.
INFO 2025-03-26 17:54:32,095 autoreload Watching for file changes with StatReloader
INFO 2025-03-26 17:55:09,820 autoreload /home/user1/03-misc/spotdl-web/backend/backend/settings.py changed, reloading.
INFO 2025-03-26 17:55:10,640 autoreload Watching for file changes with StatReloader
INFO 2025-03-26 17:55:54,338 autoreload /home/user1/03-misc/spotdl-web/backend/backend/settings.py changed, reloading.
INFO 2025-03-26 17:55:55,159 autoreload Watching for file changes with StatReloader
INFO 2025-03-26 17:57:17,764 autoreload /home/user1/03-misc/spotdl-web/backend/spotdl_api/views.py changed, reloading.
INFO 2025-03-26 17:57:18,638 autoreload Watching for file changes with StatReloader
WARNING 2025-03-26 17:57:43,087 log Not Found: /
WARNING 2025-03-26 17:57:43,093 basehttp "GET / HTTP/1.1" 404 2474
WARNING 2025-03-26 17:57:43,592 log Not Found: /favicon.ico
WARNING 2025-03-26 17:57:43,593 basehttp "GET /favicon.ico HTTP/1.1" 404 2525
INFO 2025-03-26 17:58:08,231 basehttp "GET /api/csrf/ HTTP/1.1" 200 81
INFO 2025-03-26 17:58:27,892 views Attempting to download song from URL: https://open.spotify.com/track/298LjjcBvuQCAlwUWb9dKb?si=fd00f6285d514820
ERROR 2025-03-26 17:58:28,242 views Download error: The future belongs to a different loop than the one specified as the loop argument
Traceback (most recent call last):
  File "/home/user1/03-misc/spotdl-web/backend/spotdl_api/views.py", line 92, in download_song
    result = spotdl.download(song)
             ^^^^^^^^^^^^^^^^^^^^^
  File "/home/user1/miniconda3/envs/spotdl-web/lib/python3.11/site-packages/spotdl/__init__.py", line 155, in download
    return self.downloader.download_song(song)
           ^^^^^^^^^^^^^^^^^^^^^^^^^^^^^^^^^^^
  File "/home/user1/miniconda3/envs/spotdl-web/lib/python3.11/site-packages/spotdl/download/downloader.py", line 254, in download_song
    results = self.download_multiple_songs([song])
              ^^^^^^^^^^^^^^^^^^^^^^^^^^^^^^^^^^^^
  File "/home/user1/miniconda3/envs/spotdl-web/lib/python3.11/site-packages/spotdl/download/downloader.py", line 298, in download_multiple_songs
    results = list(self.loop.run_until_complete(asyncio.gather(*tasks)))
                   ^^^^^^^^^^^^^^^^^^^^^^^^^^^^^^^^^^^^^^^^^^^^^^^^^^^^
  File "/home/user1/miniconda3/envs/spotdl-web/lib/python3.11/site-packages/nest_asyncio.py", line 88, in run_until_complete
    f = asyncio.ensure_future(future, loop=self)
        ^^^^^^^^^^^^^^^^^^^^^^^^^^^^^^^^^^^^^^^^
  File "/home/user1/miniconda3/envs/spotdl-web/lib/python3.11/asyncio/tasks.py", line 659, in ensure_future
    return _ensure_future(coro_or_future, loop=loop)
           ^^^^^^^^^^^^^^^^^^^^^^^^^^^^^^^^^^^^^^^^^
  File "/home/user1/miniconda3/envs/spotdl-web/lib/python3.11/asyncio/tasks.py", line 665, in _ensure_future
    raise ValueError('The future belongs to a different loop than '
ValueError: The future belongs to a different loop than the one specified as the loop argument
ERROR 2025-03-26 17:58:28,244 log Service Unavailable: /api/download/
ERROR 2025-03-26 17:58:28,245 basehttp "POST /api/download/ HTTP/1.1" 503 1342
INFO 2025-03-26 17:59:45,587 autoreload /home/user1/03-misc/spotdl-web/backend/spotdl_api/views.py changed, reloading.
INFO 2025-03-26 17:59:46,497 autoreload Watching for file changes with StatReloader
INFO 2025-03-26 17:59:53,730 autoreload /home/user1/03-misc/spotdl-web/backend/spotdl_api/views.py changed, reloading.
INFO 2025-03-26 17:59:54,585 autoreload Watching for file changes with StatReloader
INFO 2025-03-26 18:00:48,853 autoreload /home/user1/03-misc/spotdl-web/backend/backend/settings.py changed, reloading.
INFO 2025-03-26 18:00:49,668 autoreload Watching for file changes with StatReloader
INFO 2025-03-26 18:00:54,707 autoreload /home/user1/03-misc/spotdl-web/backend/backend/settings.py changed, reloading.
INFO 2025-03-26 18:00:55,502 autoreload Watching for file changes with StatReloader
INFO 2025-03-26 18:01:00,253 basehttp "GET /api/csrf/ HTTP/1.1" 200 81
INFO 2025-03-26 18:01:08,586 views Attempting to download song from URL: https://open.spotify.com/track/298LjjcBvuQCAlwUWb9dKb?si=fd00f6285d514820
ERROR 2025-03-26 18:01:08,844 views Download error: There is no current event loop in thread 'Thread-2 (process_request_thread)'.
Traceback (most recent call last):
  File "/home/user1/03-misc/spotdl-web/backend/spotdl_api/views.py", line 93, in download_song
    result = loop.run_until_complete(loop.create_task(spotdl.download(song)))
                                                      ^^^^^^^^^^^^^^^^^^^^^
  File "/home/user1/miniconda3/envs/spotdl-web/lib/python3.11/site-packages/spotdl/__init__.py", line 155, in download
    return self.downloader.download_song(song)
           ^^^^^^^^^^^^^^^^^^^^^^^^^^^^^^^^^^^
  File "/home/user1/miniconda3/envs/spotdl-web/lib/python3.11/site-packages/spotdl/download/downloader.py", line 254, in download_song
    results = self.download_multiple_songs([song])
              ^^^^^^^^^^^^^^^^^^^^^^^^^^^^^^^^^^^^
  File "/home/user1/miniconda3/envs/spotdl-web/lib/python3.11/site-packages/spotdl/download/downloader.py", line 298, in download_multiple_songs
    results = list(self.loop.run_until_complete(asyncio.gather(*tasks)))
                                                ^^^^^^^^^^^^^^^^^^^^^^
  File "/home/user1/miniconda3/envs/spotdl-web/lib/python3.11/asyncio/tasks.py", line 827, in gather
    fut = _ensure_future(arg, loop=loop)
          ^^^^^^^^^^^^^^^^^^^^^^^^^^^^^^
  File "/home/user1/miniconda3/envs/spotdl-web/lib/python3.11/asyncio/tasks.py", line 678, in _ensure_future
    loop = events._get_event_loop(stacklevel=4)
           ^^^^^^^^^^^^^^^^^^^^^^^^^^^^^^^^^^^^
  File "/home/user1/miniconda3/envs/spotdl-web/lib/python3.11/asyncio/events.py", line 681, in get_event_loop
    raise RuntimeError('There is no current event loop in thread %r.'
RuntimeError: There is no current event loop in thread 'Thread-2 (process_request_thread)'.
ERROR 2025-03-26 18:01:08,851 log Service Unavailable: /api/download/
ERROR 2025-03-26 18:01:08,855 basehttp "POST /api/download/ HTTP/1.1" 503 1337
INFO 2025-03-26 18:04:11,652 autoreload /home/user1/03-misc/spotdl-web/backend/spotdl_api/views.py changed, reloading.
INFO 2025-03-26 18:04:12,494 autoreload Watching for file changes with StatReloader
INFO 2025-03-26 18:04:29,793 views Attempting to download song from URL: https://open.spotify.com/track/298LjjcBvuQCAlwUWb9dKb?si=fd00f6285d514820
ERROR 2025-03-26 18:04:29,793 views Error processing song: Spotify client not created. Call SpotifyClient.init(client_id, client_secret, user_auth, cache_path, no_cache, open_browser) first.
Traceback (most recent call last):
  File "/home/user1/03-misc/spotdl-web/backend/spotdl_api/views.py", line 110, in download_song
    song = Song.from_url(url)
           ^^^^^^^^^^^^^^^^^^
  File "/home/user1/miniconda3/envs/spotdl-web/lib/python3.11/site-packages/spotdl/types/song.py", line 81, in from_url
    spotify_client = SpotifyClient()
                     ^^^^^^^^^^^^^^^
  File "/home/user1/miniconda3/envs/spotdl-web/lib/python3.11/site-packages/spotdl/utils/spotify.py", line 55, in __call__
    raise SpotifyError(
spotdl.utils.spotify.SpotifyError: Spotify client not created. Call SpotifyClient.init(client_id, client_secret, user_auth, cache_path, no_cache, open_browser) first.
ERROR 2025-03-26 18:04:29,794 log Internal Server Error: /api/download/
ERROR 2025-03-26 18:04:29,795 basehttp "POST /api/download/ HTTP/1.1" 500 185
INFO 2025-03-26 18:06:07,783 autoreload /home/user1/03-misc/spotdl-web/backend/spotdl_api/views.py changed, reloading.
INFO 2025-03-26 18:06:08,623 autoreload Watching for file changes with StatReloader
INFO 2025-03-26 18:06:19,383 views Attempting to download song from URL: https://open.spotify.com/track/298LjjcBvuQCAlwUWb9dKb?si=fd00f6285d514820
ERROR 2025-03-26 18:06:21,830 views Download error: A spotify client has already been initialized
Traceback (most recent call last):
  File "/home/user1/03-misc/spotdl-web/backend/spotdl_api/views.py", line 125, in download_song
    result = download_song_async(song)
             ^^^^^^^^^^^^^^^^^^^^^^^^^
  File "/home/user1/03-misc/spotdl-web/backend/spotdl_api/views.py", line 91, in download_song_async
    spotdl, loop = get_spotdl()
                   ^^^^^^^^^^^^
  File "/home/user1/03-misc/spotdl-web/backend/spotdl_api/views.py", line 53, in get_spotdl
    Spotdl(
  File "/home/user1/miniconda3/envs/spotdl-web/lib/python3.11/site-packages/spotdl/__init__.py", line 73, in __init__
    SpotifyClient.init(
  File "/home/user1/miniconda3/envs/spotdl-web/lib/python3.11/site-packages/spotdl/utils/spotify.py", line 91, in init
    raise SpotifyError("A spotify client has already been initialized")
spotdl.utils.spotify.SpotifyError: A spotify client has already been initialized
ERROR 2025-03-26 18:06:21,832 log Service Unavailable: /api/download/
ERROR 2025-03-26 18:06:21,832 basehttp "POST /api/download/ HTTP/1.1" 503 1305
INFO 2025-03-26 18:07:19,053 autoreload /home/user1/03-misc/spotdl-web/backend/spotdl_api/views.py changed, reloading.
INFO 2025-03-26 18:07:19,817 autoreload Watching for file changes with StatReloader
INFO 2025-03-26 18:08:58,538 autoreload /home/user1/03-misc/spotdl-web/backend/spotdl_api/views.py changed, reloading.
INFO 2025-03-26 18:08:59,370 autoreload Watching for file changes with StatReloader
INFO 2025-03-26 18:10:17,586 autoreload Watching for file changes with StatReloader
INFO 2025-03-26 18:10:24,374 views Attempting to download song from URL: https://open.spotify.com/track/298LjjcBvuQCAlwUWb9dKb?si=fd00f6285d514820
ERROR 2025-03-26 18:10:24,661 views Error downloading song: The future belongs to a different loop than the one specified as the loop argument
Traceback (most recent call last):
  File "/home/user1/03-misc/spotdl-web/backend/spotdl_api/views.py", line 79, in download_song
    result = downloader.download_song(song)
             ^^^^^^^^^^^^^^^^^^^^^^^^^^^^^^
  File "/home/user1/miniconda3/envs/spotdl-web/lib/python3.11/site-packages/spotdl/download/downloader.py", line 254, in download_song
    results = self.download_multiple_songs([song])
              ^^^^^^^^^^^^^^^^^^^^^^^^^^^^^^^^^^^^
  File "/home/user1/miniconda3/envs/spotdl-web/lib/python3.11/site-packages/spotdl/download/downloader.py", line 298, in download_multiple_songs
    results = list(self.loop.run_until_complete(asyncio.gather(*tasks)))
                   ^^^^^^^^^^^^^^^^^^^^^^^^^^^^^^^^^^^^^^^^^^^^^^^^^^^^
  File "/home/user1/miniconda3/envs/spotdl-web/lib/python3.11/site-packages/nest_asyncio.py", line 88, in run_until_complete
    f = asyncio.ensure_future(future, loop=self)
        ^^^^^^^^^^^^^^^^^^^^^^^^^^^^^^^^^^^^^^^^
  File "/home/user1/miniconda3/envs/spotdl-web/lib/python3.11/asyncio/tasks.py", line 659, in ensure_future
    return _ensure_future(coro_or_future, loop=loop)
           ^^^^^^^^^^^^^^^^^^^^^^^^^^^^^^^^^^^^^^^^^
  File "/home/user1/miniconda3/envs/spotdl-web/lib/python3.11/asyncio/tasks.py", line 665, in _ensure_future
    raise ValueError('The future belongs to a different loop than '
ValueError: The future belongs to a different loop than the one specified as the loop argument
ERROR 2025-03-26 18:10:24,667 log Internal Server Error: /api/download/
ERROR 2025-03-26 18:10:24,668 basehttp "POST /api/download/ HTTP/1.1" 500 95
INFO 2025-03-26 18:19:15,397 autoreload /home/user1/03-misc/spotdl-web/backend/spotdl_api/views.py changed, reloading.
INFO 2025-03-26 18:19:16,169 autoreload Watching for file changes with StatReloader
INFO 2025-03-26 18:23:56,442 autoreload /home/user1/03-misc/spotdl-web/backend/backend/settings.py changed, reloading.
INFO 2025-03-26 18:23:57,230 autoreload Watching for file changes with StatReloader
INFO 2025-03-26 18:25:33,268 autoreload /home/user1/03-misc/spotdl-web/backend/backend/settings.py changed, reloading.
INFO 2025-03-26 18:25:34,054 autoreload Watching for file changes with StatReloader
